--------------------------------------------------------------------------
WARNING: There was an error initializing an OpenFabrics device.

  Local host:   n01p303
  Local device: mlx5_0
--------------------------------------------------------------------------
[n01p303:65259] 9 more processes have sent help message help-mpi-btl-openib.txt / error in device init
[n01p303:65259] Set MCA parameter "orte_base_help_aggregate" to 0 to see all help / error messages
--------------------------------------------------------------------------
WARNING: There was an error initializing an OpenFabrics device.

  Local host:   n01p307
  Local device: mlx5_0
--------------------------------------------------------------------------
[n01p303:65286] 9 more processes have sent help message help-mpi-btl-openib.txt / error in device init
[n01p303:65286] Set MCA parameter "orte_base_help_aggregate" to 0 to see all help / error messages
--------------------------------------------------------------------------
WARNING: There was an error initializing an OpenFabrics device.

  Local host:   n01p311
  Local device: mlx5_0
--------------------------------------------------------------------------
[n01p303:65314] 9 more processes have sent help message help-mpi-btl-openib.txt / error in device init
[n01p303:65314] Set MCA parameter "orte_base_help_aggregate" to 0 to see all help / error messages
--------------------------------------------------------------------------
WARNING: There was an error initializing an OpenFabrics device.

  Local host:   n01p311
  Local device: mlx5_0
--------------------------------------------------------------------------
[n01p303:65341] 9 more processes have sent help message help-mpi-btl-openib.txt / error in device init
[n01p303:65341] Set MCA parameter "orte_base_help_aggregate" to 0 to see all help / error messages
--------------------------------------------------------------------------
WARNING: There was an error initializing an OpenFabrics device.

  Local host:   n01p311
  Local device: mlx5_0
--------------------------------------------------------------------------
[n01p303:65369] 9 more processes have sent help message help-mpi-btl-openib.txt / error in device init
[n01p303:65369] Set MCA parameter "orte_base_help_aggregate" to 0 to see all help / error messages
--------------------------------------------------------------------------
WARNING: There was an error initializing an OpenFabrics device.

  Local host:   n01p309
  Local device: mlx5_0
--------------------------------------------------------------------------
[n01p303:65397] 9 more processes have sent help message help-mpi-btl-openib.txt / error in device init
[n01p303:65397] Set MCA parameter "orte_base_help_aggregate" to 0 to see all help / error messages
