--------------------------------------------------------------------------
WARNING: There was an error initializing an OpenFabrics device.

  Local host:   n01p264
  Local device: mlx5_0
--------------------------------------------------------------------------
[n01p264:24768] 2 more processes have sent help message help-mpi-btl-openib.txt / error in device init
[n01p264:24768] Set MCA parameter "orte_base_help_aggregate" to 0 to see all help / error messages
--------------------------------------------------------------------------
WARNING: There was an error initializing an OpenFabrics device.

  Local host:   n01p266
  Local device: mlx5_0
--------------------------------------------------------------------------
[n01p264:24788] 2 more processes have sent help message help-mpi-btl-openib.txt / error in device init
[n01p264:24788] Set MCA parameter "orte_base_help_aggregate" to 0 to see all help / error messages
--------------------------------------------------------------------------
WARNING: There was an error initializing an OpenFabrics device.

  Local host:   n01p265
  Local device: mlx5_0
--------------------------------------------------------------------------
[n01p264:24809] 2 more processes have sent help message help-mpi-btl-openib.txt / error in device init
[n01p264:24809] Set MCA parameter "orte_base_help_aggregate" to 0 to see all help / error messages
--------------------------------------------------------------------------
WARNING: There was an error initializing an OpenFabrics device.

  Local host:   n01p266
  Local device: mlx5_0
--------------------------------------------------------------------------
[n01p264:24830] 2 more processes have sent help message help-mpi-btl-openib.txt / error in device init
[n01p264:24830] Set MCA parameter "orte_base_help_aggregate" to 0 to see all help / error messages
--------------------------------------------------------------------------
WARNING: There was an error initializing an OpenFabrics device.

  Local host:   n01p266
  Local device: mlx5_0
--------------------------------------------------------------------------
[n01p264:24850] 2 more processes have sent help message help-mpi-btl-openib.txt / error in device init
[n01p264:24850] Set MCA parameter "orte_base_help_aggregate" to 0 to see all help / error messages
--------------------------------------------------------------------------
WARNING: There was an error initializing an OpenFabrics device.

  Local host:   n01p266
  Local device: mlx5_0
--------------------------------------------------------------------------
[n01p264:24871] 2 more processes have sent help message help-mpi-btl-openib.txt / error in device init
[n01p264:24871] Set MCA parameter "orte_base_help_aggregate" to 0 to see all help / error messages
