--------------------------------------------------------------------------
WARNING: There was an error initializing an OpenFabrics device.

  Local host:   n01p140
  Local device: mlx5_0
--------------------------------------------------------------------------
[n01p139:174274] 1 more process has sent help message help-mpi-btl-openib.txt / error in device init
[n01p139:174274] Set MCA parameter "orte_base_help_aggregate" to 0 to see all help / error messages
--------------------------------------------------------------------------
WARNING: There was an error initializing an OpenFabrics device.

  Local host:   n01p139
  Local device: mlx5_0
--------------------------------------------------------------------------
[n01p139:174293] 1 more process has sent help message help-mpi-btl-openib.txt / error in device init
[n01p139:174293] Set MCA parameter "orte_base_help_aggregate" to 0 to see all help / error messages
--------------------------------------------------------------------------
WARNING: There was an error initializing an OpenFabrics device.

  Local host:   n01p140
  Local device: mlx5_0
--------------------------------------------------------------------------
[n01p139:174313] 1 more process has sent help message help-mpi-btl-openib.txt / error in device init
[n01p139:174313] Set MCA parameter "orte_base_help_aggregate" to 0 to see all help / error messages
--------------------------------------------------------------------------
WARNING: There was an error initializing an OpenFabrics device.

  Local host:   n01p139
  Local device: mlx5_0
--------------------------------------------------------------------------
[n01p139:174332] 1 more process has sent help message help-mpi-btl-openib.txt / error in device init
[n01p139:174332] Set MCA parameter "orte_base_help_aggregate" to 0 to see all help / error messages
--------------------------------------------------------------------------
WARNING: There was an error initializing an OpenFabrics device.

  Local host:   n01p140
  Local device: mlx5_0
--------------------------------------------------------------------------
[n01p139:174352] 1 more process has sent help message help-mpi-btl-openib.txt / error in device init
[n01p139:174352] Set MCA parameter "orte_base_help_aggregate" to 0 to see all help / error messages
--------------------------------------------------------------------------
WARNING: There was an error initializing an OpenFabrics device.

  Local host:   n01p139
  Local device: mlx5_0
--------------------------------------------------------------------------
[n01p139:174372] 1 more process has sent help message help-mpi-btl-openib.txt / error in device init
[n01p139:174372] Set MCA parameter "orte_base_help_aggregate" to 0 to see all help / error messages
