--------------------------------------------------------------------------
WARNING: There was an error initializing an OpenFabrics device.

  Local host:   n01p391
  Local device: mlx5_0
--------------------------------------------------------------------------
[n01p391:97694] 4 more processes have sent help message help-mpi-btl-openib.txt / error in device init
[n01p391:97694] Set MCA parameter "orte_base_help_aggregate" to 0 to see all help / error messages
--------------------------------------------------------------------------
WARNING: There was an error initializing an OpenFabrics device.

  Local host:   n01p395
  Local device: mlx5_0
--------------------------------------------------------------------------
[n01p391:97716] 4 more processes have sent help message help-mpi-btl-openib.txt / error in device init
[n01p391:97716] Set MCA parameter "orte_base_help_aggregate" to 0 to see all help / error messages
--------------------------------------------------------------------------
WARNING: There was an error initializing an OpenFabrics device.

  Local host:   n01p395
  Local device: mlx5_0
--------------------------------------------------------------------------
[n01p391:97738] 4 more processes have sent help message help-mpi-btl-openib.txt / error in device init
[n01p391:97738] Set MCA parameter "orte_base_help_aggregate" to 0 to see all help / error messages
--------------------------------------------------------------------------
WARNING: There was an error initializing an OpenFabrics device.

  Local host:   n01p391
  Local device: mlx5_0
--------------------------------------------------------------------------
[n01p391:97761] 4 more processes have sent help message help-mpi-btl-openib.txt / error in device init
[n01p391:97761] Set MCA parameter "orte_base_help_aggregate" to 0 to see all help / error messages
--------------------------------------------------------------------------
WARNING: There was an error initializing an OpenFabrics device.

  Local host:   n01p391
  Local device: mlx5_0
--------------------------------------------------------------------------
[n01p391:97784] 4 more processes have sent help message help-mpi-btl-openib.txt / error in device init
[n01p391:97784] Set MCA parameter "orte_base_help_aggregate" to 0 to see all help / error messages
--------------------------------------------------------------------------
WARNING: There was an error initializing an OpenFabrics device.

  Local host:   n01p391
  Local device: mlx5_0
--------------------------------------------------------------------------
[n01p391:97807] 4 more processes have sent help message help-mpi-btl-openib.txt / error in device init
[n01p391:97807] Set MCA parameter "orte_base_help_aggregate" to 0 to see all help / error messages
