--------------------------------------------------------------------------
WARNING: There was an error initializing an OpenFabrics device.

  Local host:   n01p264
  Local device: mlx5_0
--------------------------------------------------------------------------
[n01p264:24426] 2 more processes have sent help message help-mpi-btl-openib.txt / error in device init
[n01p264:24426] Set MCA parameter "orte_base_help_aggregate" to 0 to see all help / error messages
--------------------------------------------------------------------------
WARNING: There was an error initializing an OpenFabrics device.

  Local host:   n01p266
  Local device: mlx5_0
--------------------------------------------------------------------------
[n01p264:24446] 2 more processes have sent help message help-mpi-btl-openib.txt / error in device init
[n01p264:24446] Set MCA parameter "orte_base_help_aggregate" to 0 to see all help / error messages
--------------------------------------------------------------------------
WARNING: There was an error initializing an OpenFabrics device.

  Local host:   n01p266
  Local device: mlx5_0
--------------------------------------------------------------------------
[n01p264:24467] 2 more processes have sent help message help-mpi-btl-openib.txt / error in device init
[n01p264:24467] Set MCA parameter "orte_base_help_aggregate" to 0 to see all help / error messages
--------------------------------------------------------------------------
mpirun was unable to launch the specified application as it could not access
or execute an executable:

Executable: ./bin/cofactor_mpi
Node: n01p264

while attempting to start process rank 0.
--------------------------------------------------------------------------
