--------------------------------------------------------------------------
WARNING: There was an error initializing an OpenFabrics device.

  Local host:   n01p391
  Local device: mlx5_0
--------------------------------------------------------------------------
[n01p391:97386] 3 more processes have sent help message help-mpi-btl-openib.txt / error in device init
[n01p391:97386] Set MCA parameter "orte_base_help_aggregate" to 0 to see all help / error messages
--------------------------------------------------------------------------
WARNING: There was an error initializing an OpenFabrics device.

  Local host:   n01p391
  Local device: mlx5_0
--------------------------------------------------------------------------
[n01p391:97407] 3 more processes have sent help message help-mpi-btl-openib.txt / error in device init
[n01p391:97407] Set MCA parameter "orte_base_help_aggregate" to 0 to see all help / error messages
--------------------------------------------------------------------------
WARNING: There was an error initializing an OpenFabrics device.

  Local host:   n01p393
  Local device: mlx5_0
--------------------------------------------------------------------------
[n01p391:97429] 3 more processes have sent help message help-mpi-btl-openib.txt / error in device init
[n01p391:97429] Set MCA parameter "orte_base_help_aggregate" to 0 to see all help / error messages
--------------------------------------------------------------------------
WARNING: There was an error initializing an OpenFabrics device.

  Local host:   n01p391
  Local device: mlx5_0
--------------------------------------------------------------------------
[n01p391:97450] 3 more processes have sent help message help-mpi-btl-openib.txt / error in device init
[n01p391:97450] Set MCA parameter "orte_base_help_aggregate" to 0 to see all help / error messages
--------------------------------------------------------------------------
WARNING: There was an error initializing an OpenFabrics device.

  Local host:   n01p392
  Local device: mlx5_0
--------------------------------------------------------------------------
[n01p391:97472] 3 more processes have sent help message help-mpi-btl-openib.txt / error in device init
[n01p391:97472] Set MCA parameter "orte_base_help_aggregate" to 0 to see all help / error messages
--------------------------------------------------------------------------
WARNING: There was an error initializing an OpenFabrics device.

  Local host:   n01p391
  Local device: mlx5_0
--------------------------------------------------------------------------
[n01p391:97494] 3 more processes have sent help message help-mpi-btl-openib.txt / error in device init
[n01p391:97494] Set MCA parameter "orte_base_help_aggregate" to 0 to see all help / error messages
