--------------------------------------------------------------------------
WARNING: There was an error initializing an OpenFabrics device.

  Local host:   n01p303
  Local device: mlx5_0
--------------------------------------------------------------------------
[n01p303:65748] 6 more processes have sent help message help-mpi-btl-openib.txt / error in device init
[n01p303:65748] Set MCA parameter "orte_base_help_aggregate" to 0 to see all help / error messages
--------------------------------------------------------------------------
WARNING: There was an error initializing an OpenFabrics device.

  Local host:   n01p309
  Local device: mlx5_0
--------------------------------------------------------------------------
[n01p303:65772] 6 more processes have sent help message help-mpi-btl-openib.txt / error in device init
[n01p303:65772] Set MCA parameter "orte_base_help_aggregate" to 0 to see all help / error messages
--------------------------------------------------------------------------
WARNING: There was an error initializing an OpenFabrics device.

  Local host:   n01p309
  Local device: mlx5_0
--------------------------------------------------------------------------
[n01p303:65797] 6 more processes have sent help message help-mpi-btl-openib.txt / error in device init
[n01p303:65797] Set MCA parameter "orte_base_help_aggregate" to 0 to see all help / error messages
--------------------------------------------------------------------------
WARNING: There was an error initializing an OpenFabrics device.

  Local host:   n01p309
  Local device: mlx5_0
--------------------------------------------------------------------------
[n01p303:65822] 6 more processes have sent help message help-mpi-btl-openib.txt / error in device init
[n01p303:65822] Set MCA parameter "orte_base_help_aggregate" to 0 to see all help / error messages
--------------------------------------------------------------------------
WARNING: There was an error initializing an OpenFabrics device.

  Local host:   n01p309
  Local device: mlx5_0
--------------------------------------------------------------------------
[n01p303:65847] 6 more processes have sent help message help-mpi-btl-openib.txt / error in device init
[n01p303:65847] Set MCA parameter "orte_base_help_aggregate" to 0 to see all help / error messages
--------------------------------------------------------------------------
WARNING: There was an error initializing an OpenFabrics device.

  Local host:   n01p309
  Local device: mlx5_0
--------------------------------------------------------------------------
[n01p303:65871] 6 more processes have sent help message help-mpi-btl-openib.txt / error in device init
[n01p303:65871] Set MCA parameter "orte_base_help_aggregate" to 0 to see all help / error messages
